// Jest Snapshot v1, https://jestjs.io/docs/snapshot-testing

exports[`success sets 1 files in store 1`] = `
{
  "files": [
    {
      "data": "data:application/json;base64,eyJwaW5nIjp0cnVlfQ==",
      "id": "a7177311-3b7a-4593-942a-36b23c5afd30",
      "name": "ping.json",
      "size": 13,
      "type": "application/json",
    },
  ],
  "key": "",
  "password": "",
}
`;

exports[`success sets 2 files in store 1`] = `
{
  "files": [
    {
      "data": "data:application/json;base64,eyJwaW5nIjp0cnVlfQ==",
      "id": "a7177311-3b7a-4593-942a-36b23c5afd30",
      "name": "ping.json",
      "size": 13,
      "type": "application/json",
    },
    {
      "data": "data:application/json;base64,eyJwaW5nIjp0cnVlfQ==",
      "id": "a7177311-3b7a-4593-942a-36b23c5afd30",
      "name": "ping.json",
      "size": 13,
      "type": "application/json",
    },
  ],
  "key": "",
  "password": "",
}
`;
